Component: ARM Compiler 5.06 update 7 (build 960) Tool: armlink [4d3601]

==============================================================================

Section Cross References

    main.o(.text) refers to misc.o(.text) for NVIC_PriorityGroupConfig
    main.o(.text) refers to usart.o(.text) for uart_init
    main.o(.text) refers to delay.o(.text) for delay_init
    main.o(.text) refers to motor.o(.text) for Motor_Init
    main.o(.text) refers to oled.o(.text) for OLED_Init
    main.o(.text) refers to led.o(.text) for LED_Init
    main.o(.text) refers to encoder.o(.text) for Encoder_Init_TIM2
    main.o(.text) refers to mpu6050.o(.text) for MPU_Init
    main.o(.text) refers to inv_mpu.o(.text) for mpu_dmp_init
    main.o(.text) refers to pwm.o(.text) for TIM1_PWM_Init
    main.o(.text) refers to timer.o(.text) for TIM5_Int_Init
    main.o(.text) refers to dflti.o(.text) for __aeabi_i2d
    main.o(.text) refers to f2d.o(.text) for __aeabi_f2d
    main.o(.text) refers to timer.o(.data) for Movement
    main.o(.text) refers to control.o(.data) for Tur_Kp
    main.o(.text) refers to main.o(.data) for rec_dat
    system_stm32f10x.o(.text) refers to system_stm32f10x.o(.data) for SystemCoreClock
    led.o(.text) refers to stm32f10x_rcc.o(.text) for RCC_APB2PeriphClockCmd
    led.o(.text) refers to stm32f10x_gpio.o(.text) for GPIO_Init
    motor.o(.text) refers to stm32f10x_rcc.o(.text) for RCC_APB2PeriphClockCmd
    motor.o(.text) refers to stm32f10x_gpio.o(.text) for GPIO_Init
    motor.o(.text) refers to cfcmple.o(.text) for __aeabi_cfcmple
    motor.o(.text) refers to cfrcmple.o(.text) for __aeabi_cfrcmple
    motor.o(.text) refers to main.o(.data) for Moto1
    oled.o(.text) refers to stm32f10x_gpio.o(.text) for GPIO_SetBits
    oled.o(.text) refers to cdcmple.o(.text) for __aeabi_cdcmple
    oled.o(.text) refers to dfixi.o(.text) for __aeabi_d2iz
    oled.o(.text) refers to oled.o(.constdata) for F8X16
    oled.o(.text) refers to dflti.o(.text) for __aeabi_i2d
    oled.o(.text) refers to dadd.o(.text) for __aeabi_drsub
    oled.o(.text) refers to dmul.o(.text) for __aeabi_dmul
    oled.o(.text) refers to dfixui.o(.text) for __aeabi_d2uiz
    oled.o(.text) refers to dfltui.o(.text) for __aeabi_ui2d
    oled.o(.text) refers to stm32f10x_rcc.o(.text) for RCC_APB2PeriphClockCmd
    oled.o(.text) refers to delay.o(.text) for delay_ms
    pwm.o(.text) refers to stm32f10x_rcc.o(.text) for RCC_APB2PeriphClockCmd
    pwm.o(.text) refers to stm32f10x_gpio.o(.text) for GPIO_Init
    pwm.o(.text) refers to stm32f10x_tim.o(.text) for TIM_TimeBaseInit
    timer.o(.text) refers to stm32f10x_rcc.o(.text) for RCC_APB1PeriphClockCmd
    timer.o(.text) refers to stm32f10x_tim.o(.text) for TIM_TimeBaseInit
    timer.o(.text) refers to misc.o(.text) for NVIC_Init
    timer.o(.text) refers to inv_mpu.o(.text) for mpu_dmp_get_data
    timer.o(.text) refers to mpu6050.o(.text) for MPU_Get_Gyroscope
    timer.o(.text) refers to encoder.o(.text) for Read_Encoder
    timer.o(.text) refers to fflti.o(.text) for __aeabi_i2f
    timer.o(.text) refers to control.o(.text) for Vertical_Ring_PD
    timer.o(.text) refers to motor.o(.text) for Xianfu_Pwm
    timer.o(.text) refers to main.o(.data) for yaw
    timer.o(.text) refers to timer.o(.data) for Balance_Pwm
    control.o(.text) refers to fadd.o(.text) for __aeabi_fsub
    control.o(.text) refers to fmul.o(.text) for __aeabi_fmul
    control.o(.text) refers to ffixi.o(.text) for __aeabi_f2iz
    control.o(.text) refers to fflti.o(.text) for __aeabi_i2f
    control.o(.text) refers to cfrcmple.o(.text) for __aeabi_cfrcmple
    control.o(.text) refers to cfcmple.o(.text) for __aeabi_cfcmple
    control.o(.text) refers to motor.o(.text) for Turn_Off
    control.o(.text) refers to control.o(.data) for Med_Angle
    control.o(.text) refers to main.o(.data) for pitch
    encoder.o(.text) refers to stm32f10x_rcc.o(.text) for RCC_APB1PeriphClockCmd
    encoder.o(.text) refers to stm32f10x_gpio.o(.text) for GPIO_Init
    encoder.o(.text) refers to stm32f10x_tim.o(.text) for TIM_TimeBaseStructInit
    delay.o(.text) refers to misc.o(.text) for SysTick_CLKSourceConfig
    delay.o(.text) refers to system_stm32f10x.o(.data) for SystemCoreClock
    delay.o(.text) refers to delay.o(.data) for fac_us
    usart.o(.text) refers to stm32f10x_rcc.o(.text) for RCC_APB2PeriphClockCmd
    usart.o(.text) refers to stm32f10x_gpio.o(.text) for GPIO_Init
    usart.o(.text) refers to misc.o(.text) for NVIC_Init
    usart.o(.text) refers to stm32f10x_usart.o(.text) for USART_Init
    usart.o(.text) refers to usart.o(.data) for i
    usart.o(.text) refers to main.o(.data) for data
    startup_stm32f10x_hd.o(RESET) refers to startup_stm32f10x_hd.o(STACK) for __initial_sp
    startup_stm32f10x_hd.o(RESET) refers to startup_stm32f10x_hd.o(.text) for Reset_Handler
    startup_stm32f10x_hd.o(RESET) refers to stm32f10x_it.o(.text) for NMI_Handler
[...]
    ../clib/microlib/printf/stubs.s          0x00000000   Number         0  stubs.o ABSOLUTE
    ../clib/microlib/stdio/streams.c         0x00000000   Number         0  stdout.o ABSOLUTE
    ../clib/microlib/string/memcmp.c         0x00000000   Number         0  memcmp.o ABSOLUTE
    ../clib/microlib/string/memset.c         0x00000000   Number         0  memseta.o ABSOLUTE
    ../clib/microlib/stubs.s                 0x00000000   Number         0  iusefp.o ABSOLUTE
    ../fplib/microlib/d2f.c                  0x00000000   Number         0  d2f.o ABSOLUTE
    ../fplib/microlib/f2d.c                  0x00000000   Number         0  f2d.o ABSOLUTE
    ../fplib/microlib/fpadd.c                0x00000000   Number         0  fadd.o ABSOLUTE
    ../fplib/microlib/fpadd.c                0x00000000   Number         0  dadd.o ABSOLUTE
    ../fplib/microlib/fpdiv.c                0x00000000   Number         0  fdiv.o ABSOLUTE
    ../fplib/microlib/fpdiv.c                0x00000000   Number         0  ddiv.o ABSOLUTE
    ../fplib/microlib/fpepilogue.c           0x00000000   Number         0  depilogue.o ABSOLUTE
    ../fplib/microlib/fpepilogue.c           0x00000000   Number         0  fepilogue.o ABSOLUTE
    ../fplib/microlib/fpfix.c                0x00000000   Number         0  dfixui.o ABSOLUTE
    ../fplib/microlib/fpfix.c                0x00000000   Number         0  dfixi.o ABSOLUTE
    ../fplib/microlib/fpfix.c                0x00000000   Number         0  ffixui.o ABSOLUTE
    ../fplib/microlib/fpfix.c                0x00000000   Number         0  ffixi.o ABSOLUTE
    ../fplib/microlib/fpfix.c                0x00000000   Number         0  dfixul.o ABSOLUTE
    ../fplib/microlib/fpflt.c                0x00000000   Number         0  dflti.o ABSOLUTE
    ../fplib/microlib/fpflt.c                0x00000000   Number         0  dfltui.o ABSOLUTE
    ../fplib/microlib/fpflt.c                0x00000000   Number         0  ffltui.o ABSOLUTE
    ../fplib/microlib/fpflt.c                0x00000000   Number         0  fflti.o ABSOLUTE
    ../fplib/microlib/fpmul.c                0x00000000   Number         0  dmul.o ABSOLUTE
    ../fplib/microlib/fpmul.c                0x00000000   Number         0  fmul.o ABSOLUTE
    ../fplib/microlib/fpscalb.c              0x00000000   Number         0  dscalb.o ABSOLUTE
    ../fplib/microlib/fpsqrt.c               0x00000000   Number         0  dsqrt.o ABSOLUTE
    ../mathlib/asin.c                        0x00000000   Number         0  asin.o ABSOLUTE
    ../mathlib/asin.c                        0x00000000   Number         0  asin_x.o ABSOLUTE
    ../mathlib/atan.c                        0x00000000   Number         0  atan.o ABSOLUTE
    ../mathlib/atan.c                        0x00000000   Number         0  atan_x.o ABSOLUTE
    ../mathlib/atan2.c                       0x00000000   Number         0  atan2.o ABSOLUTE
    ../mathlib/atan2.c                       0x00000000   Number         0  atan2_x.o ABSOLUTE
    ../mathlib/dunder.c                      0x00000000   Number         0  dunder.o ABSOLUTE
    ../mathlib/fpclassify.c                  0x00000000   Number         0  fpclassify.o ABSOLUTE
    ../mathlib/poly.c                        0x00000000   Number         0  poly.o ABSOLUTE
    ../mathlib/qnan.c                        0x00000000   Number         0  qnan.o ABSOLUTE
    ../mathlib/sqrt.c                        0x00000000   Number         0  sqrt_x.o ABSOLUTE
    ../mathlib/sqrt.c                        0x00000000   Number         0  sqrt.o ABSOLUTE
    ..\CORE\core_cm3.c                       0x00000000   Number         0  core_cm3.o ABSOLUTE
    ..\CORE\startup_stm32f10x_hd.s           0x00000000   Number         0  startup_stm32f10x_hd.o ABSOLUTE
    ..\HARDWARE\Control\control.c            0x00000000   Number         0  control.o ABSOLUTE
    ..\HARDWARE\Encoder\encoder.c            0x00000000   Number         0  encoder.o ABSOLUTE
    ..\HARDWARE\LED\led.c                    0x00000000   Number         0  led.o ABSOLUTE
    ..\HARDWARE\MOTOR\motor.c                0x00000000   Number         0  motor.o ABSOLUTE
    ..\HARDWARE\MPU6050\eMPL\inv_mpu.c       0x00000000   Number         0  inv_mpu.o ABSOLUTE
    ..\HARDWARE\MPU6050\eMPL\inv_mpu_dmp_motion_driver.c 0x00000000   Number         0  inv_mpu_dmp_motion_driver.o ABSOLUTE
    ..\HARDWARE\MPU6050\mpu6050.c            0x00000000   Number         0  mpu6050.o ABSOLUTE
    ..\HARDWARE\MPU6050\mpuiic.c             0x00000000   Number         0  mpuiic.o ABSOLUTE
    ..\HARDWARE\OLED\oled.c                  0x00000000   Number         0  oled.o ABSOLUTE
    ..\HARDWARE\PWM\pwm.c                    0x00000000   Number         0  pwm.o ABSOLUTE
    ..\HARDWARE\TIMER\timer.c                0x00000000   Number         0  timer.o ABSOLUTE
    ..\STM32F10x_FWLib\src\misc.c            0x00000000   Number         0  misc.o ABSOLUTE
    ..\STM32F10x_FWLib\src\stm32f10x_gpio.c  0x00000000   Number         0  stm32f10x_gpio.o ABSOLUTE
    ..\STM32F10x_FWLib\src\stm32f10x_i2c.c   0x00000000   Number         0  stm32f10x_i2c.o ABSOLUTE
    ..\STM32F10x_FWLib\src\stm32f10x_rcc.c   0x00000000   Number         0  stm32f10x_rcc.o ABSOLUTE
    ..\STM32F10x_FWLib\src\stm32f10x_tim.c   0x00000000   Number         0  stm32f10x_tim.o ABSOLUTE
    ..\STM32F10x_FWLib\src\stm32f10x_usart.c 0x00000000   Number         0  stm32f10x_usart.o ABSOLUTE
    ..\SYSTEM\delay\delay.c                  0x00000000   Number         0  delay.o ABSOLUTE
    ..\SYSTEM\sys\sys.c                      0x00000000   Number         0  sys.o ABSOLUTE
    ..\SYSTEM\usart\usart.c                  0x00000000   Number         0  usart.o ABSOLUTE
    ..\\CORE\\core_cm3.c                     0x00000000   Number         0  core_cm3.o ABSOLUTE
    ..\\SYSTEM\\sys\\sys.c                   0x00000000   Number         0  sys.o ABSOLUTE
    cdcmple.s                                0x00000000   Number         0  cdcmple.o ABSOLUTE
    cdrcmple.s                               0x00000000   Number         0  cdrcmple.o ABSOLUTE
    cfcmple.s                                0x00000000   Number         0  cfcmple.o ABSOLUTE
    cfrcmple.s                               0x00000000   Number         0  cfrcmple.o ABSOLUTE
    dc.s                                     0x00000000   Number         0  dc.o ABSOLUTE
    handlers.s                               0x00000000   Number         0  handlers.o ABSOLUTE
    init.s                                   0x00000000   Number         0  init.o ABSOLUTE
    main.c                                   0x00000000   Number         0  main.o ABSOLUTE
    stm32f10x_it.c                           0x00000000   Number         0  stm32f10x_it.o ABSOLUTE
    system_stm32f10x.c                       0x00000000   Number         0  system_stm32f10x.o ABSOLUTE
    RESET                                    0x08000000   Section      304  startup_stm32f10x_hd.o(RESET)
    .ARM.Collect$$$$00000000                 0x08000130   Section        0  entry.o(.ARM.Collect$$$$00000000)
    .ARM.Collect$$$$00000001                 0x08000130   Section        4  entry2.o(.ARM.Collect$$$$00000001)
    .ARM.Collect$$$$00000004                 0x08000134   Section        4  entry5.o(.ARM.Collect$$$$00000004)
    .ARM.Collect$$$$00000008                 0x08000138   Section        0  entry7b.o(.ARM.Collect$$$$00000008)
    .ARM.Collect$$$$0000000A                 0x08000138   Section        0  entry8b.o(.ARM.Collect$$$$0000000A)
    .ARM.Collect$$$$0000000B                 0x08000138   Section        8  entry9a.o(.ARM.Collect$$$$0000000B)
    .ARM.Collect$$$$0000000E                 0x08000140   Section        4  entry12b.o(.ARM.Collect$$$$0000000E)
    .ARM.Collect$$$$0000000F                 0x08000144   Section        0  entry10a.o(.ARM.Collect$$$$0000000F)
    .ARM.Collect$$$$00000011                 0x08000144   Section        0  entry11a.o(.ARM.Collect$$$$00000011)
    .ARM.Collect$$$$00002712                 0x08000144   Section        4  entry2.o(.ARM.Collect$$$$00002712)
    __lit__00000000                          0x08000144   Data           4  entry2.o(.ARM.Collect$$$$00002712)
    .text                                    0x08000148   Section        0  main.o(.text)
    .text                                    0x080002d8   Section        0  stm32f10x_it.o(.text)
    .text                                    0x080002f4   Section        0  system_stm32f10x.o(.text)
    SetSysClockTo72                          0x080002f5   Thumb Code   214  system_stm32f10x.o(.text)
    SetSysClock                              0x080003cb   Thumb Code     8  system_stm32f10x.o(.text)
    .text                                    0x080004d4   Section        0  led.o(.text)
    .text                                    0x0800050c   Section        0  motor.o(.text)
    .text                                    0x08000654   Section        0  oled.o(.text)
    .text                                    0x08001150   Section        0  pwm.o(.text)
    .text                                    0x080011f8   Section        0  timer.o(.text)
    .text                                    0x08001360   Section        0  control.o(.text)
    .text                                    0x080014e0   Section        0  encoder.o(.text)
    .text                                    0x08001650   Section        0  delay.o(.text)
    .text                                    0x08001724   Section        0  usart.o(.text)
    .text                                    0x08001914   Section       36  startup_stm32f10x_hd.o(.text)
    .text                                    0x08001938   Section        0  stm32f10x_gpio.o(.text)
    .text                                    0x08001c94   Section        0  stm32f10x_rcc.o(.text)
    .text                                    0x08002038   Section        0  stm32f10x_usart.o(.text)
    .text                                    0x08002440   Section        0  misc.o(.text)
    .text                                    0x0800251c   Section        0  stm32f10x_tim.o(.text)
    TI4_Config                               0x080029c3   Thumb Code   130  stm32f10x_tim.o(.text)
    TI3_Config                               0x08002a57   Thumb Code   122  stm32f10x_tim.o(.text)
    TI2_Config                               0x08002aeb   Thumb Code   130  stm32f10x_tim.o(.text)
    TI1_Config                               0x08002b7f   Thumb Code   108  stm32f10x_tim.o(.text)
    .text                                    0x08003338   Section        0  mpu6050.o(.text)
    .text                                    0x080036a0   Section        0  mpuiic.o(.text)
    .text                                    0x080038e4   Section        0  inv_mpu.o(.text)
    set_int_enable                           0x080038e5   Thumb Code   138  inv_mpu.o(.text)
    get_accel_prod_shift                     0x08004b55   Thumb Code   168  inv_mpu.o(.text)
    accel_self_test                          0x08004bfd   Thumb Code   164  inv_mpu.o(.text)
    gyro_self_test                           0x08004ca1   Thumb Code   280  inv_mpu.o(.text)
    get_st_biases                            0x08004db9   Thumb Code  1134  inv_mpu.o(.text)
    .text                                    0x08005b6c   Section        0  inv_mpu_dmp_motion_driver.o(.text)
    decode_gesture                           0x08006621   Thumb Code    94  inv_mpu_dmp_motion_driver.o(.text)
    .text                                    0x080068dc   Section        0  ldiv.o(.text)
    .text                                    0x0800693e   Section        0  memseta.o(.text)
    .text                                    0x08006962   Section        0  memcmp.o(.text)
    .text                                    0x0800697c   Section        0  fadd.o(.text)
    .text                                    0x08006a2c   Section        0  fmul.o(.text)
    .text                                    0x08006a90   Section        0  fdiv.o(.text)
    .text                                    0x08006b0c   Section        0  dadd.o(.text)
    .text                                    0x08006c5a   Section        0  dmul.o(.text)
    .text                                    0x08006d3e   Section        0  ddiv.o(.text)
    .text                                    0x08006e1c   Section        0  fflti.o(.text)
    .text                                    0x08006e2e   Section        0  ffltui.o(.text)
    .text                                    0x08006e38   Section        0  dflti.o(.text)
    .text                                    0x08006e5a   Section        0  dfltui.o(.text)
    .text                                    0x08006e74   Section        0  ffixi.o(.text)
    .text                                    0x08006ea6   Section        0  ffixui.o(.text)
    .text                                    0x08006ece   Section        0  dfixi.o(.text)
    .text                                    0x08006f0c   Section        0  dfixui.o(.text)
    .text                                    0x08006f3e   Section        0  f2d.o(.text)
    .text                                    0x08006f64   Section       48  cdcmple.o(.text)
    .text                                    0x08006f94   Section        0  d2f.o(.text)
    .text                                    0x08006fcc   Section       20  cfcmple.o(.text)
    .text                                    0x08006fe0   Section       20  cfrcmple.o(.text)
    .text                                    0x08006ff4   Section        0  uldiv.o(.text)
    .text                                    0x08007056   Section        0  llshl.o(.text)
    .text                                    0x08007074   Section        0  llushr.o(.text)
    .text                                    0x08007094   Section        0  llsshr.o(.text)
    .text                                    0x080070b8   Section        0  fepilogue.o(.text)
    .text                                    0x080070b8   Section        0  iusefp.o(.text)
    .text                                    0x08007126   Section        0  depilogue.o(.text)
    .text                                    0x080071e0   Section        0  dscalb.o(.text)
    .text                                    0x08007210   Section       36  init.o(.text)
    .text                                    0x08007234   Section        0  dsqrt.o(.text)
    i.__0printf$8                            0x080072d8   Section        0  printf8.o(i.__0printf$8)
    i.__ARM_fpclassify                       0x080072f8   Section        0  fpclassify.o(i.__ARM_fpclassify)
    i.__kernel_poly                          0x08007320   Section        0  poly.o(i.__kernel_poly)
    i.__mathlib_dbl_infnan                   0x080073ca   Section        0  dunder.o(i.__mathlib_dbl_infnan)
    i.__mathlib_dbl_infnan2                  0x080073d0   Section        0  dunder.o(i.__mathlib_dbl_infnan2)
    i.__mathlib_dbl_invalid                  0x080073d4   Section        0  dunder.o(i.__mathlib_dbl_invalid)
    i.__mathlib_dbl_underflow                0x080073e0   Section        0  dunder.o(i.__mathlib_dbl_underflow)
    i.__scatterload_copy                     0x080073f0   Section       14  handlers.o(i.__scatterload_copy)
    i.__scatterload_null                     0x080073fe   Section        2  handlers.o(i.__scatterload_null)
    i.__scatterload_zeroinit                 0x08007400   Section       14  handlers.o(i.__scatterload_zeroinit)
    i.__set_errno                            0x08007410   Section        0  errno.o(i.__set_errno)
    i._printf_core                           0x0800741c   Section        0  printf8.o(i._printf_core)
    _printf_core                             0x0800741d   Thumb Code   984  printf8.o(i._printf_core)
    i._printf_post_padding                   0x08007820   Section        0  printf8.o(i._printf_post_padding)
    _printf_post_padding                     0x08007821   Thumb Code    36  printf8.o(i._printf_post_padding)
    i._printf_pre_padding                    0x08007844   Section        0  printf8.o(i._printf_pre_padding)
    _printf_pre_padding                      0x08007845   Thumb Code    46  printf8.o(i._printf_pre_padding)
    i.asin                                   0x08007874   Section        0  asin.o(i.asin)
    i.atan                                   0x08007ae4   Section        0  atan.o(i.atan)
    i.atan2                                  0x08007d04   Section        0  atan2.o(i.atan2)
    i.sqrt                                   0x08007ea0   Section        0  sqrt.o(i.sqrt)
    .constdata                               0x08007eec   Section     2072  oled.o(.constdata)
    .constdata                               0x08008704   Section       80  inv_mpu.o(.constdata)
    .constdata                               0x08008754   Section     3062  inv_mpu_dmp_motion_driver.o(.constdata)
    dmp_memory                               0x08008754   Data        3062  inv_mpu_dmp_motion_driver.o(.constdata)
    .constdata                               0x08009350   Section       80  asin.o(.constdata)
    pS                                       0x08009350   Data          48  asin.o(.constdata)
    qS                                       0x08009380   Data          32  asin.o(.constdata)
    .constdata                               0x080093a0   Section      152  atan.o(.constdata)
    atanhi                                   0x080093a0   Data          32  atan.o(.constdata)
    atanlo                                   0x080093c0   Data          32  atan.o(.constdata)
    aTodd                                    0x080093e0   Data          40  atan.o(.constdata)
    aTeven                                   0x08009408   Data          48  atan.o(.constdata)
    .constdata                               0x08009438   Section        8  qnan.o(.constdata)
    .conststring                             0x08009440   Section       77  inv_mpu.o(.conststring)
    .data                                    0x20000000   Section       41  main.o(.data)
    .data                                    0x2000002c   Section       20  system_stm32f10x.o(.data)
    .data                                    0x20000040   Section       20  timer.o(.data)
    .data                                    0x20000054   Section       44  control.o(.data)
    Velocity                                 0x20000070   Data           4  control.o(.data)
    Encoder_Least                            0x20000074   Data           4  control.o(.data)
    Encoder                                  0x20000078   Data           4  control.o(.data)
    Encoder_Integral                         0x2000007c   Data           4  control.o(.data)
    .data                                    0x20000080   Section        4  delay.o(.data)
    fac_us                                   0x20000080   Data           1  delay.o(.data)
    fac_ms                                   0x20000082   Data           2  delay.o(.data)
    .data                                    0x20000084   Section        4  usart.o(.data)
    i                                        0x20000084   Data           4  usart.o(.data)
    .data                                    0x20000088   Section       20  stm32f10x_rcc.o(.data)
    APBAHBPrescTable                         0x20000088   Data          16  stm32f10x_rcc.o(.data)
    ADCPrescTable                            0x20000098   Data           4  stm32f10x_rcc.o(.data)
    .data                                    0x2000009c   Section       53  inv_mpu.o(.data)
    st                                       0x2000009c   Data          44  inv_mpu.o(.data)
    gyro_orientation                         0x200000c8   Data           9  inv_mpu.o(.data)
    .data                                    0x200000d4   Section        4  stdout.o(.data)
    .data                                    0x200000d8   Section        4  errno.o(.data)
    _errno                                   0x200000d8   Data           4  errno.o(.data)
    .bss                                     0x200000dc   Section       16  inv_mpu_dmp_motion_driver.o(.bss)
    dmp                                      0x200000dc   Data          16  inv_mpu_dmp_motion_driver.o(.bss)
    STACK                                    0x200000f0   Section     1024  startup_stm32f10x_hd.o(STACK)

    Global Symbols

    Symbol Name                              Value     Ov Type        Size  Object(Section)

    BuildAttributes$$THM_ISAv4$P$D$K$B$S$PE$A:L22UL41UL21$X:L11$S22US41US21$IEEE1$IW$USESV6$~STKCKD$USESV7$~SHL$OTIME$ROPI$IEEEX$EBA8$MICROLIB$REQ8$PRES8$EABIv2 0x00000000   Number         0  anon$$obj.o ABSOLUTE
    __ARM_use_no_argv                        0x00000000   Number         0  main.o ABSOLUTE
    _printf_a                                0x00000000   Number         0  stubs.o ABSOLUTE
    _printf_c                                0x00000000   Number         0  stubs.o ABSOLUTE
    _printf_charcount                        0x00000000   Number         0  stubs.o ABSOLUTE
    _printf_d                                0x00000000   Number         0  stubs.o ABSOLUTE
    _printf_e                                0x00000000   Number         0  stubs.o ABSOLUTE
    _printf_f                                0x00000000   Number         0  stubs.o ABSOLUTE
    _printf_flags                            0x00000000   Number         0  stubs.o ABSOLUTE
    _printf_fp_dec                           0x00000000   Number         0  stubs.o ABSOLUTE
    _printf_fp_hex                           0x00000000   Number         0  stubs.o ABSOLUTE
    _printf_g                                0x00000000   Number         0  stubs.o ABSOLUTE
    _printf_i                                0x00000000   Number         0  stubs.o ABSOLUTE
    _printf_int_dec                          0x00000000   Number         0  stubs.o ABSOLUTE
    _printf_l                                0x00000000   Number         0  stubs.o ABSOLUTE
    _printf_lc                               0x00000000   Number         0  stubs.o ABSOLUTE
    _printf_ll                               0x00000000   Number         0  stubs.o ABSOLUTE
    _printf_lld                              0x00000000   Number         0  stubs.o ABSOLUTE
    _printf_lli                              0x00000000   Number         0  stubs.o ABSOLUTE
    _printf_llo                              0x00000000   Number         0  stubs.o ABSOLUTE
    _printf_llu                              0x00000000   Number         0  stubs.o ABSOLUTE
    _printf_llx                              0x00000000   Number         0  stubs.o ABSOLUTE
    _printf_longlong_dec                     0x00000000   Number         0  stubs.o ABSOLUTE
    _printf_longlong_hex                     0x00000000   Number         0  stubs.o ABSOLUTE
    _printf_longlong_oct                     0x00000000   Number         0  stubs.o ABSOLUTE
    _printf_ls                               0x00000000   Number         0  stubs.o ABSOLUTE
    _printf_mbtowc                           0x00000000   Number         0  stubs.o ABSOLUTE
    _printf_n                                0x00000000   Number         0  stubs.o ABSOLUTE
    _printf_o                                0x00000000   Number         0  stubs.o ABSOLUTE
    _printf_p                                0x00000000   Number         0  stubs.o ABSOLUTE
    _printf_percent                          0x00000000   Number         0  stubs.o ABSOLUTE
    _printf_pre_padding                      0x00000000   Number         0  stubs.o ABSOLUTE
    _printf_return_value                     0x00000000   Number         0  stubs.o ABSOLUTE
    _printf_s                                0x00000000   Number         0  stubs.o ABSOLUTE
    _printf_sizespec                         0x00000000   Number         0  stubs.o ABSOLUTE
    _printf_str                              0x00000000   Number         0  stubs.o ABSOLUTE
    _printf_truncate_signed                  0x00000000   Number         0  stubs.o ABSOLUTE
    _printf_truncate_unsigned                0x00000000   Number         0  stubs.o ABSOLUTE
    _printf_u                                0x00000000   Number         0  stubs.o ABSOLUTE
    _printf_wc                               0x00000000   Number         0  stubs.o ABSOLUTE
    _printf_wctomb                           0x00000000   Number         0  stubs.o ABSOLUTE
    _printf_widthprec                        0x00000000   Number         0  stubs.o ABSOLUTE
    _printf_x                                0x00000000   Number         0  stubs.o ABSOLUTE
    __arm_fini_                               - Undefined Weak Reference
    __cpp_initialize__aeabi_                  - Undefined Weak Reference
    __cxa_finalize                            - Undefined Weak Reference
    __decompress                              - Undefined Weak Reference
    _clock_init                               - Undefined Weak Reference
    _microlib_exit                            - Undefined Weak Reference
    __Vectors_Size                           0x00000130   Number         0  startup_stm32f10x_hd.o ABSOLUTE
    __Vectors                                0x08000000   Data           4  startup_stm32f10x_hd.o(RESET)
    __Vectors_End                            0x08000130   Data           0  startup_stm32f10x_hd.o(RESET)
    __main                                   0x08000131   Thumb Code     0  entry.o(.ARM.Collect$$$$00000000)
    _main_stk                                0x08000131   Thumb Code     0  entry2.o(.ARM.Collect$$$$00000001)
    _main_scatterload                        0x08000135   Thumb Code     0  entry5.o(.ARM.Collect$$$$00000004)
    __main_after_scatterload                 0x08000139   Thumb Code     0  entry5.o(.ARM.Collect$$$$00000004)
    _main_clock                              0x08000139   Thumb Code     0  entry7b.o(.ARM.Collect$$$$00000008)
    _main_cpp_init                           0x08000139   Thumb Code     0  entry8b.o(.ARM.Collect$$$$0000000A)
    _main_init                               0x08000139   Thumb Code     0  entry9a.o(.ARM.Collect$$$$0000000B)
    __rt_lib_shutdown_fini                   0x08000141   Thumb Code     0  entry12b.o(.ARM.Collect$$$$0000000E)
    __rt_final_cpp                           0x08000145   Thumb Code     0  entry10a.o(.ARM.Collect$$$$0000000F)
    __rt_final_exit                          0x08000145   Thumb Code     0  entry11a.o(.ARM.Collect$$$$00000011)
    main                                     0x08000149   Thumb Code   354  main.o(.text)
    NMI_Handler                              0x080002d9   Thumb Code     2  stm32f10x_it.o(.text)
    HardFault_Handler                        0x080002db   Thumb Code     4  stm32f10x_it.o(.text)
    MemManage_Handler                        0x080002df   Thumb Code     4  stm32f10x_it.o(.text)
    BusFault_Handler                         0x080002e3   Thumb Code     4  stm32f10x_it.o(.text)
    UsageFault_Handler                       0x080002e7   Thumb Code     4  stm32f10x_it.o(.text)
    SVC_Handler                              0x080002eb   Thumb Code     2  stm32f10x_it.o(.text)
    DebugMon_Handler                         0x080002ed   Thumb Code     2  stm32f10x_it.o(.text)
    PendSV_Handler                           0x080002ef   Thumb Code     2  stm32f10x_it.o(.text)
    SysTick_Handler                          0x080002f1   Thumb Code     2  stm32f10x_it.o(.text)
    SystemInit                               0x080003d3   Thumb Code    78  system_stm32f10x.o(.text)
    SystemCoreClockUpdate                    0x08000421   Thumb Code   142  system_stm32f10x.o(.text)
    LED_Init                                 0x080004d5   Thumb Code    50  led.o(.text)
    Motor_Init                               0x0800050d   Thumb Code    64  motor.o(.text)
    myabs                                    0x0800054d   Thumb Code    14  motor.o(.text)
    Set_Pwm                                  0x0800055b   Thumb Code   106  motor.o(.text)
    Xianfu_Pwm                               0x080005c5   Thumb Code    70  motor.o(.text)
    Turn_Off                                 0x0800060b   Thumb Code    36  motor.o(.text)
    OLED_IIC_Start                           0x08000655   Thumb Code    44  oled.o(.text)
    OLED_IIC_Stop                            0x08000681   Thumb Code    34  oled.o(.text)
    OLED_IIC_Wait_Ack                        0x080006a3   Thumb Code    24  oled.o(.text)
    OLED_Write_IIC_Byte                      0x080006bb   Thumb Code    88  oled.o(.text)
    OLED_Write_IIC_Command                   0x08000713   Thumb Code    44  oled.o(.text)
    OLED_Write_IIC_Data                      0x0800073f   Thumb Code    44  oled.o(.text)
    OLED_WR_Byte                             0x0800076b   Thumb Code    24  oled.o(.text)
    Delay_50ms                               0x08000783   Thumb Code    22  oled.o(.text)
    Delay_1ms                                0x08000799   Thumb Code    26  oled.o(.text)
    OLED_Set_Pos                             0x080007b3   Thumb Code    40  oled.o(.text)
    OLED_Display_On                          0x080007db   Thumb Code    28  oled.o(.text)
    OLED_Display_Off                         0x080007f7   Thumb Code    28  oled.o(.text)
    OLED_Clear                               0x08000813   Thumb Code    62  oled.o(.text)
    OLED_On                                  0x08000851   Thumb Code    62  oled.o(.text)
    OLED_ShowChar                            0x0800088f   Thumb Code   154  oled.o(.text)
    oled_pow                                 0x08000929   Thumb Code    22  oled.o(.text)
    OLED_ShowNumber                          0x0800093f   Thumb Code   136  oled.o(.text)
    OLED_ShowString                          0x080009c7   Thumb Code    54  oled.o(.text)
    OLED_Float                               0x080009fd   Thumb Code   456  oled.o(.text)
    OLED_Float2                              0x08000bc5   Thumb Code   356  oled.o(.text)
    OLED_Num_write                           0x08000d29   Thumb Code    62  oled.o(.text)
    OLED_fuhao_write                         0x08000d67   Thumb Code    58  oled.o(.text)
    OLED_Num2                                0x08000da1   Thumb Code   156  oled.o(.text)
    OLED_Num3                                0x08000e3d   Thumb Code   210  oled.o(.text)
    OLED_Num4                                0x08000f0f   Thumb Code   134  oled.o(.text)
    OLED_Num5                                0x08000f95   Thumb Code   152  oled.o(.text)
    OLED_Init                                0x0800102d   Thumb Code   282  oled.o(.text)
    TIM1_PWM_Init                            0x08001151   Thumb Code   160  pwm.o(.text)
    TIM5_Int_Init                            0x080011f9   Thumb Code    88  timer.o(.text)
    TIM5_IRQHandler                          0x08001251   Thumb Code   208  timer.o(.text)
    Vertical_Ring_PD                         0x08001361   Thumb Code    64  control.o(.text)
    Vertical_speed_PI                        0x080013a1   Thumb Code   186  control.o(.text)
    Vertical_turn_PD                         0x0800145b   Thumb Code    68  control.o(.text)
    Encoder_Init_TIM2                        0x080014e1   Thumb Code   154  encoder.o(.text)
    Encoder_Init_TIM3                        0x0800157b   Thumb Code   148  encoder.o(.text)
    Read_Encoder                             0x0800160f   Thumb Code    56  encoder.o(.text)
    delay_init                               0x08001651   Thumb Code    50  delay.o(.text)
    delay_us                                 0x08001683   Thumb Code    72  delay.o(.text)
    delay_ms                                 0x080016cb   Thumb Code    72  delay.o(.text)
    fputc                                    0x08001725   Thumb Code    24  usart.o(.text)
    data_test                                0x0800173d   Thumb Code    36  usart.o(.text)
    uart1_init                               0x08001761   Thumb Code   152  usart.o(.text)
    uart_init                                0x080017f9   Thumb Code   154  usart.o(.text)
    USART2_IRQHandler                        0x08001893   Thumb Code   104  usart.o(.text)
    Reset_Handler                            0x08001915   Thumb Code     8  startup_stm32f10x_hd.o(.text)
    ADC1_2_IRQHandler                        0x0800192f   Thumb Code     0  startup_stm32f10x_hd.o(.text)
    ADC3_IRQHandler                          0x0800192f   Thumb Code     0  startup_stm32f10x_hd.o(.text)
    CAN1_RX1_IRQHandler                      0x0800192f   Thumb Code     0  startup_stm32f10x_hd.o(.text)
    CAN1_SCE_IRQHandler                      0x0800192f   Thumb Code     0  startup_stm32f10x_hd.o(.text)
    DMA1_Channel1_IRQHandler                 0x0800192f   Thumb Code     0  startup_stm32f10x_hd.o(.text)
    DMA1_Channel2_IRQHandler                 0x0800192f   Thumb Code     0  startup_stm32f10x_hd.o(.text)
    DMA1_Channel3_IRQHandler                 0x0800192f   Thumb Code     0  startup_stm32f10x_hd.o(.text)
    DMA1_Channel4_IRQHandler                 0x0800192f   Thumb Code     0  startup_stm32f10x_hd.o(.text)
    DMA1_Channel5_IRQHandler                 0x0800192f   Thumb Code     0  startup_stm32f10x_hd.o(.text)
    DMA1_Channel6_IRQHandler                 0x0800192f   Thumb Code     0  startup_stm32f10x_hd.o(.text)
    DMA1_Channel7_IRQHandler                 0x0800192f   Thumb Code     0  startup_stm32f10x_hd.o(.text)
    DMA2_Channel1_IRQHandler                 0x0800192f   Thumb Code     0  startup_stm32f10x_hd.o(.text)
    DMA2_Channel2_IRQHandler                 0x0800192f   Thumb Code     0  startup_stm32f10x_hd.o(.text)
    DMA2_Channel3_IRQHandler                 0x0800192f   Thumb Code     0  startup_stm32f10x_hd.o(.text)
    DMA2_Channel4_5_IRQHandler               0x0800192f   Thumb Code     0  startup_stm32f10x_hd.o(.text)
    EXTI0_IRQHandler                         0x0800192f   Thumb Code     0  startup_stm32f10x_hd.o(.text)
    EXTI15_10_IRQHandler                     0x0800192f   Thumb Code     0  startup_stm32f10x_hd.o(.text)
    EXTI1_IRQHandler                         0x0800192f   Thumb Code     0  startup_stm32f10x_hd.o(.text)
    EXTI2_IRQHandler                         0x0800192f   Thumb Code     0  startup_stm32f10x_hd.o(.text)
    EXTI3_IRQHandler                         0x0800192f   Thumb Code     0  startup_stm32f10x_hd.o(.text)
    EXTI4_IRQHandler                         0x0800192f   Thumb Code     0  startup_stm32f10x_hd.o(.text)
    EXTI9_5_IRQHandler                       0x0800192f   Thumb Code     0  startup_stm32f10x_hd.o(.text)
    FLASH_IRQHandler                         0x0800192f   Thumb Code     0  startup_stm32f10x_hd.o(.text)
    FSMC_IRQHandler                          0x0800192f   Thumb Code     0  startup_stm32f10x_hd.o(.text)
    I2C1_ER_IRQHandler                       0x0800192f   Thumb Code     0  startup_stm32f10x_hd.o(.text)
    I2C1_EV_IRQHandler                       0x0800192f   Thumb Code     0  startup_stm32f10x_hd.o(.text)
    I2C2_ER_IRQHandler                       0x0800192f   Thumb Code     0  startup_stm32f10x_hd.o(.text)
    I2C2_EV_IRQHandler                       0x0800192f   Thumb Code     0  startup_stm32f10x_hd.o(.text)
    PVD_IRQHandler                           0x0800192f   Thumb Code     0  startup_stm32f10x_hd.o(.text)
    RCC_IRQHandler                           0x0800192f   Thumb Code     0  startup_stm32f10x_hd.o(.text)
    RTCAlarm_IRQHandler                      0x0800192f   Thumb Code     0  startup_stm32f10x_hd.o(.text)
    RTC_IRQHandler                           0x0800192f   Thumb Code     0  startup_stm32f10x_hd.o(.text)
    SDIO_IRQHandler                          0x0800192f   Thumb Code     0  startup_stm32f10x_hd.o(.text)
    SPI1_IRQHandler                          0x0800192f   Thumb Code     0  startup_stm32f10x_hd.o(.text)
    SPI2_IRQHandler                          0x0800192f   Thumb Code     0  startup_stm32f10x_hd.o(.text)
    SPI3_IRQHandler                          0x0800192f   Thumb Code     0  startup_stm32f10x_hd.o(.text)
    TAMPER_IRQHandler                        0x0800192f   Thumb Code     0  startup_stm32f10x_hd.o(.text)
    TIM1_BRK_IRQHandler                      0x0800192f   Thumb Code     0  startup_stm32f10x_hd.o(.text)
    TIM1_CC_IRQHandler                       0x0800192f   Thumb Code     0  startup_stm32f10x_hd.o(.text)
    TIM1_TRG_COM_IRQHandler                  0x0800192f   Thumb Code     0  startup_stm32f10x_hd.o(.text)
    TIM1_UP_IRQHandler                       0x0800192f   Thumb Code     0  startup_stm32f10x_hd.o(.text)
    TIM2_IRQHandler                          0x0800192f   Thumb Code     0  startup_stm32f10x_hd.o(.text)
    TIM3_IRQHandler                          0x0800192f   Thumb Code     0  startup_stm32f10x_hd.o(.text)
    TIM4_IRQHandler                          0x0800192f   Thumb Code     0  startup_stm32f10x_hd.o(.text)
    TIM6_IRQHandler                          0x0800192f   Thumb Code     0  startup_stm32f10x_hd.o(.text)
    TIM7_IRQHandler                          0x0800192f   Thumb Code     0  startup_stm32f10x_hd.o(.text)
    TIM8_BRK_IRQHandler                      0x0800192f   Thumb Code     0  startup_stm32f10x_hd.o(.text)
    TIM8_CC_IRQHandler                       0x0800192f   Thumb Code     0  startup_stm32f10x_hd.o(.text)
    TIM8_TRG_COM_IRQHandler                  0x0800192f   Thumb Code     0  startup_stm32f10x_hd.o(.text)
    TIM8_UP_IRQHandler                       0x0800192f   Thumb Code     0  startup_stm32f10x_hd.o(.text)
    UART4_IRQHandler                         0x0800192f   Thumb Code     0  startup_stm32f10x_hd.o(.text)
    UART5_IRQHandler                         0x0800192f   Thumb Code     0  startup_stm32f10x_hd.o(.text)
    USART1_IRQHandler                        0x0800192f   Thumb Code     0  startup_stm32f10x_hd.o(.text)
    USART3_IRQHandler                        0x0800192f   Thumb Code     0  startup_stm32f10x_hd.o(.text)
    USBWakeUp_IRQHandler                     0x0800192f   Thumb Code     0  startup_stm32f10x_hd.o(.text)
    USB_HP_CAN1_TX_IRQHandler                0x0800192f   Thumb Code     0  startup_stm32f10x_hd.o(.text)
    USB_LP_CAN1_RX0_IRQHandler               0x0800192f   Thumb Code     0  startup_stm32f10x_hd.o(.text)
    WWDG_IRQHandler                          0x0800192f   Thumb Code     0  startup_stm32f10x_hd.o(.text)
    GPIO_DeInit                              0x08001939   Thumb Code   172  stm32f10x_gpio.o(.text)
    GPIO_AFIODeInit                          0x080019e5   Thumb Code    20  stm32f10x_gpio.o(.text)
    GPIO_Init                                0x080019f9   Thumb Code   278  stm32f10x_gpio.o(.text)
    GPIO_StructInit                          0x08001b0f   Thumb Code    16  stm32f10x_gpio.o(.text)
    GPIO_ReadInputDataBit                    0x08001b1f   Thumb Code    18  stm32f10x_gpio.o(.text)
    GPIO_ReadInputData                       0x08001b31   Thumb Code     8  stm32f10x_gpio.o(.text)
    GPIO_ReadOutputDataBit                   0x08001b39   Thumb Code    18  stm32f10x_gpio.o(.text)
    GPIO_ReadOutputData                      0x08001b4b   Thumb Code     8  stm32f10x_gpio.o(.text)
    GPIO_SetBits                             0x08001b53   Thumb Code     4  stm32f10x_gpio.o(.text)
    GPIO_ResetBits                           0x08001b57   Thumb Code     4  stm32f10x_gpio.o(.text)
    GPIO_WriteBit                            0x08001b5b   Thumb Code    10  stm32f10x_gpio.o(.text)
    GPIO_Write                               0x08001b65   Thumb Code     4  stm32f10x_gpio.o(.text)
    GPIO_PinLockConfig                       0x08001b69   Thumb Code    18  stm32f10x_gpio.o(.text)
    GPIO_EventOutputConfig                   0x08001b7b   Thumb Code    26  stm32f10x_gpio.o(.text)
    GPIO_EventOutputCmd                      0x08001b95   Thumb Code     6  stm32f10x_gpio.o(.text)
    GPIO_PinRemapConfig                      0x08001b9b   Thumb Code   138  stm32f10x_gpio.o(.text)
    GPIO_EXTILineConfig                      0x08001c25   Thumb Code    66  stm32f10x_gpio.o(.text)
    GPIO_ETH_MediaInterfaceConfig            0x08001c67   Thumb Code     8  stm32f10x_gpio.o(.text)
    RCC_DeInit                               0x08001c95   Thumb Code    64  stm32f10x_rcc.o(.text)
    RCC_HSEConfig                            0x08001cd5   Thumb Code    70  stm32f10x_rcc.o(.text)
    RCC_GetFlagStatus                        0x08001d1b   Thumb Code    56  stm32f10x_rcc.o(.text)
    RCC_WaitForHSEStartUp                    0x08001d53   Thumb Code    56  stm32f10x_rcc.o(.text)
    RCC_AdjustHSICalibrationValue            0x08001d8b   Thumb Code    20  stm32f10x_rcc.o(.text)
    RCC_HSICmd                               0x08001d9f   Thumb Code     6  stm32f10x_rcc.o(.text)
    RCC_PLLConfig                            0x08001da5   Thumb Code    24  stm32f10x_rcc.o(.text)
    RCC_PLLCmd                               0x08001dbd   Thumb Code     6  stm32f10x_rcc.o(.text)
    RCC_SYSCLKConfig                         0x08001dc3   Thumb Code    18  stm32f10x_rcc.o(.text)
    RCC_GetSYSCLKSource                      0x08001dd5   Thumb Code    10  stm32f10x_rcc.o(.text)
    RCC_HCLKConfig                           0x08001ddf   Thumb Code    18  stm32f10x_rcc.o(.text)
    RCC_PCLK1Config                          0x08001df1   Thumb Code    18  stm32f10x_rcc.o(.text)
    RCC_PCLK2Config                          0x08001e03   Thumb Code    20  stm32f10x_rcc.o(.text)
    RCC_ITConfig                             0x08001e17   Thumb Code    26  stm32f10x_rcc.o(.text)
    RCC_USBCLKConfig                         0x08001e31   Thumb Code     8  stm32f10x_rcc.o(.text)
    RCC_ADCCLKConfig                         0x08001e39   Thumb Code    18  stm32f10x_rcc.o(.text)
    RCC_LSEConfig                            0x08001e4b   Thumb Code    50  stm32f10x_rcc.o(.text)
    RCC_LSICmd                               0x08001e7d   Thumb Code     6  stm32f10x_rcc.o(.text)
    RCC_RTCCLKConfig                         0x08001e83   Thumb Code    12  stm32f10x_rcc.o(.text)
    RCC_RTCCLKCmd                            0x08001e8f   Thumb Code     8  stm32f10x_rcc.o(.text)
    RCC_GetClocksFreq                        0x08001e97   Thumb Code   192  stm32f10x_rcc.o(.text)
    RCC_AHBPeriphClockCmd                    0x08001f57   Thumb Code    26  stm32f10x_rcc.o(.text)
    RCC_APB2PeriphClockCmd                   0x08001f71   Thumb Code    26  stm32f10x_rcc.o(.text)
    RCC_APB1PeriphClockCmd                   0x08001f8b   Thumb Code    26  stm32f10x_rcc.o(.text)
    RCC_APB2PeriphResetCmd                   0x08001fa5   Thumb Code    26  stm32f10x_rcc.o(.text)
    RCC_APB1PeriphResetCmd                   0x08001fbf   Thumb Code    26  stm32f10x_rcc.o(.text)
    RCC_BackupResetCmd                       0x08001fd9   Thumb Code     8  stm32f10x_rcc.o(.text)
    RCC_ClockSecuritySystemCmd               0x08001fe1   Thumb Code     6  stm32f10x_rcc.o(.text)
    RCC_MCOConfig                            0x08001fe7   Thumb Code     6  stm32f10x_rcc.o(.text)
    RCC_ClearFlag                            0x08001fed   Thumb Code    14  stm32f10x_rcc.o(.text)
    RCC_GetITStatus                          0x08001ffb   Thumb Code    20  stm32f10x_rcc.o(.text)
    RCC_ClearITPendingBit                    0x0800200f   Thumb Code     6  stm32f10x_rcc.o(.text)
    USART_DeInit                             0x08002039   Thumb Code   134  stm32f10x_usart.o(.text)
    USART_Init                               0x080020bf   Thumb Code   210  stm32f10x_usart.o(.text)
    USART_StructInit                         0x08002191   Thumb Code    24  stm32f10x_usart.o(.text)
    USART_ClockInit                          0x080021a9   Thumb Code    34  stm32f10x_usart.o(.text)
    USART_ClockStructInit                    0x080021cb   Thumb Code    12  stm32f10x_usart.o(.text)
    USART_Cmd                                0x080021d7   Thumb Code    24  stm32f10x_usart.o(.text)
    USART_ITConfig                           0x080021ef   Thumb Code    74  stm32f10x_usart.o(.text)
    USART_DMACmd                             0x08002239   Thumb Code    18  stm32f10x_usart.o(.text)
    USART_SetAddress                         0x0800224b   Thumb Code    18  stm32f10x_usart.o(.text)
    USART_WakeUpConfig                       0x0800225d   Thumb Code    18  stm32f10x_usart.o(.text)
    USART_ReceiverWakeUpCmd                  0x0800226f   Thumb Code    24  stm32f10x_usart.o(.text)
    USART_LINBreakDetectLengthConfig         0x08002287   Thumb Code    18  stm32f10x_usart.o(.text)
    USART_LINCmd                             0x08002299   Thumb Code    24  stm32f10x_usart.o(.text)
    USART_SendData                           0x080022b1   Thumb Code     8  stm32f10x_usart.o(.text)
    USART_ReceiveData                        0x080022b9   Thumb Code    10  stm32f10x_usart.o(.text)
    USART_SendBreak                          0x080022c3   Thumb Code    10  stm32f10x_usart.o(.text)
    USART_SetGuardTime                       0x080022cd   Thumb Code    16  stm32f10x_usart.o(.text)
    USART_SetPrescaler                       0x080022dd   Thumb Code    16  stm32f10x_usart.o(.text)
    USART_SmartCardCmd                       0x080022ed   Thumb Code    24  stm32f10x_usart.o(.text)
    USART_SmartCardNACKCmd                   0x08002305   Thumb Code    24  stm32f10x_usart.o(.text)
    USART_HalfDuplexCmd                      0x0800231d   Thumb Code    24  stm32f10x_usart.o(.text)
    USART_OverSampling8Cmd                   0x08002335   Thumb Code    22  stm32f10x_usart.o(.text)
    USART_OneBitMethodCmd                    0x0800234b   Thumb Code    24  stm32f10x_usart.o(.text)
    USART_IrDAConfig                         0x08002363   Thumb Code    18  stm32f10x_usart.o(.text)
    USART_IrDACmd                            0x08002375   Thumb Code    24  stm32f10x_usart.o(.text)
    USART_GetFlagStatus                      0x0800238d   Thumb Code    26  stm32f10x_usart.o(.text)
    USART_ClearFlag                          0x080023a7   Thumb Code    18  stm32f10x_usart.o(.text)
    USART_GetITStatus                        0x080023b9   Thumb Code    84  stm32f10x_usart.o(.text)
    USART_ClearITPendingBit                  0x0800240d   Thumb Code    52  stm32f10x_usart.o(.text)
    NVIC_PriorityGroupConfig                 0x08002441   Thumb Code    10  misc.o(.text)
    NVIC_Init                                0x0800244b   Thumb Code   100  misc.o(.text)
    NVIC_SetVectorTable                      0x080024af   Thumb Code    14  misc.o(.text)
    NVIC_SystemLPConfig                      0x080024bd   Thumb Code    34  misc.o(.text)
    SysTick_CLKSourceConfig                  0x080024df   Thumb Code    40  misc.o(.text)
    TIM_DeInit                               0x0800251d   Thumb Code   424  stm32f10x_tim.o(.text)
    TIM_TimeBaseInit                         0x080026c5   Thumb Code   122  stm32f10x_tim.o(.text)
    TIM_OC1Init                              0x0800273f   Thumb Code   132  stm32f10x_tim.o(.text)
    TIM_OC2Init                              0x080027c3   Thumb Code   154  stm32f10x_tim.o(.text)
    TIM_OC3Init                              0x0800285d   Thumb Code   150  stm32f10x_tim.o(.text)
    TIM_OC4Init                              0x080028f3   Thumb Code   182  stm32f10x_tim.o(.text)
    TIM_SetIC4Prescaler                      0x080029a9   Thumb Code    26  stm32f10x_tim.o(.text)
    TIM_SetIC3Prescaler                      0x08002a45   Thumb Code    18  stm32f10x_tim.o(.text)
    TIM_SetIC2Prescaler                      0x08002ad1   Thumb Code    26  stm32f10x_tim.o(.text)
    TIM_SetIC1Prescaler                      0x08002b6d   Thumb Code    18  stm32f10x_tim.o(.text)
    TIM_ICInit                               0x08002beb   Thumb Code   150  stm32f10x_tim.o(.text)
    TIM_PWMIConfig                           0x08002c81   Thumb Code   124  stm32f10x_tim.o(.text)
    TIM_BDTRConfig                           0x08002cfd   Thumb Code    32  stm32f10x_tim.o(.text)
    TIM_TimeBaseStructInit                   0x08002d1d   Thumb Code    18  stm32f10x_tim.o(.text)
    TIM_OCStructInit                         0x08002d2f   Thumb Code    20  stm32f10x_tim.o(.text)
    TIM_ICStructInit                         0x08002d43   Thumb Code    18  stm32f10x_tim.o(.text)
    TIM_BDTRStructInit                       0x08002d55   Thumb Code    40  stm32f10x_tim.o(.text)
    TIM_Cmd                                  0x08002d7d   Thumb Code    24  stm32f10x_tim.o(.text)
    TIM_CtrlPWMOutputs                       0x08002d95   Thumb Code    30  stm32f10x_tim.o(.text)
    TIM_ITConfig                             0x08002db3   Thumb Code    18  stm32f10x_tim.o(.text)
    TIM_GenerateEvent                        0x08002dc5   Thumb Code     4  stm32f10x_tim.o(.text)
    TIM_DMAConfig                            0x08002dc9   Thumb Code    10  stm32f10x_tim.o(.text)
    TIM_DMACmd                               0x08002dd3   Thumb Code    18  stm32f10x_tim.o(.text)
    TIM_InternalClockConfig                  0x08002de5   Thumb Code    12  stm32f10x_tim.o(.text)
    TIM_SelectInputTrigger                   0x08002df1   Thumb Code    18  stm32f10x_tim.o(.text)
    TIM_ITRxExternalClockConfig              0x08002e03   Thumb Code    24  stm32f10x_tim.o(.text)
    TIM_TIxExternalClockConfig               0x08002e1b   Thumb Code    62  stm32f10x_tim.o(.text)
    TIM_ETRConfig                            0x08002e59   Thumb Code    28  stm32f10x_tim.o(.text)
    TIM_ETRClockMode1Config                  0x08002e75   Thumb Code    54  stm32f10x_tim.o(.text)
    TIM_ETRClockMode2Config                  0x08002eab   Thumb Code    32  stm32f10x_tim.o(.text)
    TIM_PrescalerConfig                      0x08002ecb   Thumb Code     6  stm32f10x_tim.o(.text)
    TIM_CounterModeConfig                    0x08002ed1   Thumb Code    18  stm32f10x_tim.o(.text)
    TIM_EncoderInterfaceConfig               0x08002ee3   Thumb Code    66  stm32f10x_tim.o(.text)
    TIM_ForcedOC1Config                      0x08002f25   Thumb Code    18  stm32f10x_tim.o(.text)
    TIM_ForcedOC2Config                      0x08002f37   Thumb Code    26  stm32f10x_tim.o(.text)
    TIM_ForcedOC3Config                      0x08002f51   Thumb Code    18  stm32f10x_tim.o(.text)
    TIM_ForcedOC4Config                      0x08002f63   Thumb Code    26  stm32f10x_tim.o(.text)
    TIM_ARRPreloadConfig                     0x08002f7d   Thumb Code    24  stm32f10x_tim.o(.text)
    TIM_SelectCOM                            0x08002f95   Thumb Code    24  stm32f10x_tim.o(.text)
    TIM_SelectCCDMA                          0x08002fad   Thumb Code    24  stm32f10x_tim.o(.text)
    TIM_CCPreloadControl                     0x08002fc5   Thumb Code    24  stm32f10x_tim.o(.text)
    TIM_OC1PreloadConfig                     0x08002fdd   Thumb Code    18  stm32f10x_tim.o(.text)
    TIM_OC2PreloadConfig                     0x08002fef   Thumb Code    26  stm32f10x_tim.o(.text)
    TIM_OC3PreloadConfig                     0x08003009   Thumb Code    18  stm32f10x_tim.o(.text)
    TIM_OC4PreloadConfig                     0x0800301b   Thumb Code    26  stm32f10x_tim.o(.text)
    TIM_OC1FastConfig                        0x08003035   Thumb Code    18  stm32f10x_tim.o(.text)
    TIM_OC2FastConfig                        0x08003047   Thumb Code    26  stm32f10x_tim.o(.text)
    TIM_OC3FastConfig                        0x08003061   Thumb Code    18  stm32f10x_tim.o(.text)
    TIM_OC4FastConfig                        0x08003073   Thumb Code    26  stm32f10x_tim.o(.text)
    TIM_ClearOC1Ref                          0x0800308d   Thumb Code    18  stm32f10x_tim.o(.text)
    TIM_ClearOC2Ref                          0x0800309f   Thumb Code    24  stm32f10x_tim.o(.text)
    TIM_ClearOC3Ref                          0x080030b7   Thumb Code    18  stm32f10x_tim.o(.text)
    TIM_ClearOC4Ref                          0x080030c9   Thumb Code    24  stm32f10x_tim.o(.text)
    TIM_OC1PolarityConfig                    0x080030e1   Thumb Code    18  stm32f10x_tim.o(.text)
    TIM_OC1NPolarityConfig                   0x080030f3   Thumb Code    18  stm32f10x_tim.o(.text)
    TIM_OC2PolarityConfig                    0x08003105   Thumb Code    26  stm32f10x_tim.o(.text)
    TIM_OC2NPolarityConfig                   0x0800311f   Thumb Code    26  stm32f10x_tim.o(.text)
    TIM_OC3PolarityConfig                    0x08003139   Thumb Code    26  stm32f10x_tim.o(.text)
    TIM_OC3NPolarityConfig                   0x08003153   Thumb Code    26  stm32f10x_tim.o(.text)
    TIM_OC4PolarityConfig                    0x0800316d   Thumb Code    26  stm32f10x_tim.o(.text)
    TIM_CCxCmd                               0x08003187   Thumb Code    30  stm32f10x_tim.o(.text)
    TIM_CCxNCmd                              0x080031a5   Thumb Code    30  stm32f10x_tim.o(.text)
    TIM_SelectOCxM                           0x080031c3   Thumb Code    82  stm32f10x_tim.o(.text)
    TIM_UpdateDisableConfig                  0x08003215   Thumb Code    24  stm32f10x_tim.o(.text)
    TIM_UpdateRequestConfig                  0x0800322d   Thumb Code    24  stm32f10x_tim.o(.text)
    TIM_SelectHallSensor                     0x08003245   Thumb Code    24  stm32f10x_tim.o(.text)
    TIM_SelectOnePulseMode                   0x0800325d   Thumb Code    18  stm32f10x_tim.o(.text)
    TIM_SelectOutputTrigger                  0x0800326f   Thumb Code    18  stm32f10x_tim.o(.text)
    TIM_SelectSlaveMode                      0x08003281   Thumb Code    18  stm32f10x_tim.o(.text)
    TIM_SelectMasterSlaveMode                0x08003293   Thumb Code    18  stm32f10x_tim.o(.text)
    TIM_SetCounter                           0x080032a5   Thumb Code     4  stm32f10x_tim.o(.text)
    TIM_SetAutoreload                        0x080032a9   Thumb Code     4  stm32f10x_tim.o(.text)
    TIM_SetCompare1                          0x080032ad   Thumb Code     4  stm32f10x_tim.o(.text)
    TIM_SetCompare2                          0x080032b1   Thumb Code     4  stm32f10x_tim.o(.text)
    TIM_SetCompare3                          0x080032b5   Thumb Code     4  stm32f10x_tim.o(.text)
    TIM_SetCompare4                          0x080032b9   Thumb Code     6  stm32f10x_tim.o(.text)
    TIM_SetClockDivision                     0x080032bf   Thumb Code    18  stm32f10x_tim.o(.text)
    TIM_GetCapture1                          0x080032d1   Thumb Code     6  stm32f10x_tim.o(.text)
    TIM_GetCapture2                          0x080032d7   Thumb Code     6  stm32f10x_tim.o(.text)
    TIM_GetCapture3                          0x080032dd   Thumb Code     6  stm32f10x_tim.o(.text)
    TIM_GetCapture4                          0x080032e3   Thumb Code     8  stm32f10x_tim.o(.text)
    TIM_GetCounter                           0x080032eb   Thumb Code     6  stm32f10x_tim.o(.text)
    TIM_GetPrescaler                         0x080032f1   Thumb Code     6  stm32f10x_tim.o(.text)
    TIM_GetFlagStatus                        0x080032f7   Thumb Code    18  stm32f10x_tim.o(.text)
    TIM_ClearFlag                            0x08003309   Thumb Code     6  stm32f10x_tim.o(.text)
    TIM_GetITStatus                          0x0800330f   Thumb Code    34  stm32f10x_tim.o(.text)
    TIM_ClearITPendingBit                    0x08003331   Thumb Code     6  stm32f10x_tim.o(.text)
    MPU_Write_Byte                           0x08003339   Thumb Code    68  mpu6050.o(.text)
    MPU_Set_LPF                              0x0800337d   Thumb Code    58  mpu6050.o(.text)
    MPU_Set_Rate                             0x080033b7   Thumb Code    58  mpu6050.o(.text)
    MPU_Read_Byte                            0x080033f1   Thumb Code    58  mpu6050.o(.text)
    MPU_Set_Accel_Fsr                        0x0800342b   Thumb Code    16  mpu6050.o(.text)
    MPU_Set_Gyro_Fsr                         0x0800343b   Thumb Code    16  mpu6050.o(.text)
    MPU_Init                                 0x0800344b   Thumb Code   122  mpu6050.o(.text)
    MPU_Read_Len                             0x080034c5   Thumb Code   116  mpu6050.o(.text)
    MPU_Get_Temperature                      0x08003539   Thumb Code    86  mpu6050.o(.text)
    MPU_Get_Gyroscope                        0x0800358f   Thumb Code    80  mpu6050.o(.text)
    MPU_Get_Accelerometer                    0x080035df   Thumb Code    80  mpu6050.o(.text)
    MPU_Write_Len                            0x0800362f   Thumb Code    96  mpu6050.o(.text)
    MPU_IIC_Delay                            0x080036a1   Thumb Code    10  mpuiic.o(.text)
    MPU_IIC_Init                             0x080036ab   Thumb Code    38  mpuiic.o(.text)
    MPU_IIC_Start                            0x080036d1   Thumb Code    60  mpuiic.o(.text)
    MPU_IIC_Stop                             0x0800370d   Thumb Code    62  mpuiic.o(.text)
    MPU_IIC_Wait_Ack                         0x0800374b   Thumb Code    86  mpuiic.o(.text)
    MPU_IIC_Ack                              0x080037a1   Thumb Code    66  mpuiic.o(.text)
    MPU_IIC_NAck                             0x080037e3   Thumb Code    66  mpuiic.o(.text)
    MPU_IIC_Send_Byte                        0x08003825   Thumb Code    82  mpuiic.o(.text)
    MPU_IIC_Read_Byte                        0x08003877   Thumb Code    96  mpuiic.o(.text)
    mpu_reg_dump                             0x0800396f   Thumb Code    84  inv_mpu.o(.text)
    mpu_read_reg                             0x080039c3   Thumb Code    66  inv_mpu.o(.text)
    mpu_set_int_latched                      0x08003a05   Thumb Code   102  inv_mpu.o(.text)
    mpu_set_sensors                          0x08003a6b   Thumb Code   202  inv_mpu.o(.text)
    mpu_set_bypass                           0x08003b35   Thumb Code   328  inv_mpu.o(.text)
    mpu_reset_fifo                           0x08003c7d   Thumb Code   472  inv_mpu.o(.text)
    mpu_configure_fifo                       0x08003e55   Thumb Code   106  inv_mpu.o(.text)
    mpu_set_lpf                              0x08003ebf   Thumb Code   126  inv_mpu.o(.text)
    mpu_lp_accel_mode                        0x08003f3d   Thumb Code   218  inv_mpu.o(.text)
    mpu_set_sample_rate                      0x08004017   Thumb Code   152  inv_mpu.o(.text)
    mpu_set_accel_fsr                        0x080040af   Thumb Code   132  inv_mpu.o(.text)
    mpu_set_gyro_fsr                         0x08004133   Thumb Code   132  inv_mpu.o(.text)
    mpu_init                                 0x080041b7   Thumb Code   416  inv_mpu.o(.text)
    mget_ms                                  0x08004357   Thumb Code     2  inv_mpu.o(.text)
    mpu_get_gyro_reg                         0x08004359   Thumb Code   110  inv_mpu.o(.text)
    mpu_get_accel_reg                        0x080043c7   Thumb Code   110  inv_mpu.o(.text)
    mpu_get_temperature                      0x08004435   Thumb Code   150  inv_mpu.o(.text)
    mpu_set_accel_bias                       0x080044cb   Thumb Code   468  inv_mpu.o(.text)
    mpu_get_gyro_fsr                         0x0800469f   Thumb Code    64  inv_mpu.o(.text)
    mpu_get_accel_fsr                        0x080046df   Thumb Code    72  inv_mpu.o(.text)
    mpu_get_lpf                              0x08004727   Thumb Code    74  inv_mpu.o(.text)
    mpu_get_sample_rate                      0x08004771   Thumb Code    26  inv_mpu.o(.text)
    mpu_get_compass_sample_rate              0x0800478b   Thumb Code    10  inv_mpu.o(.text)
    mpu_set_compass_sample_rate              0x08004795   Thumb Code     8  inv_mpu.o(.text)
    mpu_get_gyro_sens                        0x0800479d   Thumb Code    58  inv_mpu.o(.text)
    mpu_get_accel_sens                       0x080047d7   Thumb Code    78  inv_mpu.o(.text)
    mpu_get_fifo_config                      0x08004825   Thumb Code    12  inv_mpu.o(.text)
    mpu_get_power_state                      0x08004831   Thumb Code    22  inv_mpu.o(.text)
    mpu_get_int_status                       0x08004847   Thumb Code    64  inv_mpu.o(.text)
    mpu_read_fifo                            0x08004887   Thumb Code   520  inv_mpu.o(.text)
    mpu_read_fifo_stream                     0x08004a8f   Thumb Code   186  inv_mpu.o(.text)
    mpu_set_int_level                        0x08004b49   Thumb Code    12  inv_mpu.o(.text)
    mpu_set_dmp_state                        0x08005227   Thumb Code   138  inv_mpu.o(.text)
    mpu_run_self_test                        0x080052b1   Thumb Code   278  inv_mpu.o(.text)
    mpu_write_mem                            0x080053c7   Thumb Code   122  inv_mpu.o(.text)
    mpu_read_mem                             0x08005441   Thumb Code   122  inv_mpu.o(.text)
    mpu_load_firmware                        0x080054bb   Thumb Code   192  inv_mpu.o(.text)
    mpu_get_dmp_state                        0x0800557b   Thumb Code    14  inv_mpu.o(.text)
    setup_compass                            0x08005589   Thumb Code     6  inv_mpu.o(.text)
    mpu_get_compass_reg                      0x0800558f   Thumb Code     8  inv_mpu.o(.text)
    mpu_get_compass_fsr                      0x08005597   Thumb Code     8  inv_mpu.o(.text)
    mpu_lp_motion_interrupt                  0x0800559f   Thumb Code   512  inv_mpu.o(.text)
    run_self_test                            0x0800579f   Thumb Code   148  inv_mpu.o(.text)
    inv_row_2_scale                          0x08005833   Thumb Code    78  inv_mpu.o(.text)
    inv_orientation_matrix_to_scalar         0x08005881   Thumb Code    40  inv_mpu.o(.text)
    mpu_dmp_init                             0x080058a9   Thumb Code   148  inv_mpu.o(.text)
    mpu_dmp_get_data                         0x0800593d   Thumb Code   554  inv_mpu.o(.text)
    dmp_load_motion_driver_firmware          0x08005b6d   Thumb Code    20  inv_mpu_dmp_motion_driver.o(.text)
    dmp_set_orientation                      0x08005b81   Thumb Code   290  inv_mpu_dmp_motion_driver.o(.text)
    dmp_set_gyro_bias                        0x08005ca3   Thumb Code   294  inv_mpu_dmp_motion_driver.o(.text)
    dmp_set_accel_bias                       0x08005dc9   Thumb Code   300  inv_mpu_dmp_motion_driver.o(.text)
    dmp_set_fifo_rate                        0x08005ef5   Thumb Code   136  inv_mpu_dmp_motion_driver.o(.text)
    dmp_get_fifo_rate                        0x08005f7d   Thumb Code    12  inv_mpu_dmp_motion_driver.o(.text)
    dmp_set_tap_thresh                       0x08005f89   Thumb Code   396  inv_mpu_dmp_motion_driver.o(.text)
    dmp_set_tap_axes                         0x08006115   Thumb Code    70  inv_mpu_dmp_motion_driver.o(.text)
    dmp_set_tap_count                        0x0800615b   Thumb Code    38  inv_mpu_dmp_motion_driver.o(.text)
    dmp_set_tap_time                         0x08006181   Thumb Code    38  inv_mpu_dmp_motion_driver.o(.text)
    dmp_set_tap_time_multi                   0x080061a7   Thumb Code    38  inv_mpu_dmp_motion_driver.o(.text)
    dmp_set_shake_reject_thresh              0x080061cd   Thumb Code    56  inv_mpu_dmp_motion_driver.o(.text)
    dmp_set_shake_reject_time                0x08006205   Thumb Code    38  inv_mpu_dmp_motion_driver.o(.text)
    dmp_set_shake_reject_timeout             0x0800622b   Thumb Code    38  inv_mpu_dmp_motion_driver.o(.text)
    dmp_get_pedometer_step_count             0x08006251   Thumb Code    66  inv_mpu_dmp_motion_driver.o(.text)
    dmp_set_pedometer_step_count             0x08006293   Thumb Code    42  inv_mpu_dmp_motion_driver.o(.text)
    dmp_get_pedometer_walk_time              0x080062bd   Thumb Code    72  inv_mpu_dmp_motion_driver.o(.text)
    dmp_set_pedometer_walk_time              0x08006305   Thumb Code    48  inv_mpu_dmp_motion_driver.o(.text)
    dmp_enable_6x_lp_quat                    0x08006335   Thumb Code    84  inv_mpu_dmp_motion_driver.o(.text)
    dmp_enable_lp_quat                       0x08006389   Thumb Code    60  inv_mpu_dmp_motion_driver.o(.text)
    dmp_enable_gyro_cal                      0x080063c5   Thumb Code    62  inv_mpu_dmp_motion_driver.o(.text)
    dmp_enable_feature                       0x08006403   Thumb Code   530  inv_mpu_dmp_motion_driver.o(.text)
    dmp_get_enabled_features                 0x08006615   Thumb Code    12  inv_mpu_dmp_motion_driver.o(.text)
    dmp_set_interrupt_mode                   0x0800667f   Thumb Code    66  inv_mpu_dmp_motion_driver.o(.text)
    dmp_read_fifo                            0x080066c1   Thumb Code   514  inv_mpu_dmp_motion_driver.o(.text)
    dmp_register_tap_cb                      0x080068c3   Thumb Code    10  inv_mpu_dmp_motion_driver.o(.text)
    dmp_register_android_orient_cb           0x080068cd   Thumb Code    10  inv_mpu_dmp_motion_driver.o(.text)
    __aeabi_ldivmod                          0x080068dd   Thumb Code    98  ldiv.o(.text)
    __aeabi_memset                           0x0800693f   Thumb Code    14  memseta.o(.text)
    __aeabi_memset4                          0x0800693f   Thumb Code     0  memseta.o(.text)
    __aeabi_memset8                          0x0800693f   Thumb Code     0  memseta.o(.text)
    __aeabi_memclr                           0x0800694d   Thumb Code     4  memseta.o(.text)
    __aeabi_memclr4                          0x0800694d   Thumb Code     0  memseta.o(.text)
    __aeabi_memclr8                          0x0800694d   Thumb Code     0  memseta.o(.text)
    _memset$wrapper                          0x08006951   Thumb Code    18  memseta.o(.text)
    memcmp                                   0x08006963   Thumb Code    26  memcmp.o(.text)
    __aeabi_fadd                             0x0800697d   Thumb Code   164  fadd.o(.text)
    __aeabi_fsub                             0x08006a21   Thumb Code     6  fadd.o(.text)
    __aeabi_frsub                            0x08006a27   Thumb Code     6  fadd.o(.text)
    __aeabi_fmul                             0x08006a2d   Thumb Code   100  fmul.o(.text)
    __aeabi_fdiv                             0x08006a91   Thumb Code   124  fdiv.o(.text)
    __aeabi_dadd                             0x08006b0d   Thumb Code   322  dadd.o(.text)
    __aeabi_dsub                             0x08006c4f   Thumb Code     6  dadd.o(.text)
    __aeabi_drsub                            0x08006c55   Thumb Code     6  dadd.o(.text)
    __aeabi_dmul                             0x08006c5b   Thumb Code   228  dmul.o(.text)
    __aeabi_ddiv                             0x08006d3f   Thumb Code   222  ddiv.o(.text)
    __aeabi_i2f                              0x08006e1d   Thumb Code    18  fflti.o(.text)
    __aeabi_ui2f                             0x08006e2f   Thumb Code    10  ffltui.o(.text)
    __aeabi_i2d                              0x08006e39   Thumb Code    34  dflti.o(.text)
    __aeabi_ui2d                             0x08006e5b   Thumb Code    26  dfltui.o(.text)
    __aeabi_f2iz                             0x08006e75   Thumb Code    50  ffixi.o(.text)
    __aeabi_f2uiz                            0x08006ea7   Thumb Code    40  ffixui.o(.text)
    __aeabi_d2iz                             0x08006ecf   Thumb Code    62  dfixi.o(.text)
    __aeabi_d2uiz                            0x08006f0d   Thumb Code    50  dfixui.o(.text)
    __aeabi_f2d                              0x08006f3f   Thumb Code    38  f2d.o(.text)
    __aeabi_cdcmpeq                          0x08006f65   Thumb Code     0  cdcmple.o(.text)
    __aeabi_cdcmple                          0x08006f65   Thumb Code    48  cdcmple.o(.text)
    __aeabi_d2f                              0x08006f95   Thumb Code    56  d2f.o(.text)
    __aeabi_cfcmpeq                          0x08006fcd   Thumb Code     0  cfcmple.o(.text)
    __aeabi_cfcmple                          0x08006fcd   Thumb Code    20  cfcmple.o(.text)
    __aeabi_cfrcmple                         0x08006fe1   Thumb Code    20  cfrcmple.o(.text)
    __aeabi_uldivmod                         0x08006ff5   Thumb Code    98  uldiv.o(.text)
    __aeabi_llsl                             0x08007057   Thumb Code    30  llshl.o(.text)
    _ll_shift_l                              0x08007057   Thumb Code     0  llshl.o(.text)
    __aeabi_llsr                             0x08007075   Thumb Code    32  llushr.o(.text)
    _ll_ushift_r                             0x08007075   Thumb Code     0  llushr.o(.text)
    __aeabi_lasr                             0x08007095   Thumb Code    36  llsshr.o(.text)
    _ll_sshift_r                             0x08007095   Thumb Code     0  llsshr.o(.text)
    __I$use$fp                               0x080070b9   Thumb Code     0  iusefp.o(.text)
    _float_round                             0x080070b9   Thumb Code    18  fepilogue.o(.text)
    _float_epilogue                          0x080070cb   Thumb Code    92  fepilogue.o(.text)
    _double_round                            0x08007127   Thumb Code    30  depilogue.o(.text)
    _double_epilogue                         0x08007145   Thumb Code   156  depilogue.o(.text)
    __ARM_scalbn                             0x080071e1   Thumb Code    46  dscalb.o(.text)
    scalbn                                   0x080071e1   Thumb Code     0  dscalb.o(.text)
    __scatterload                            0x08007211   Thumb Code    28  init.o(.text)
    __scatterload_rt2                        0x08007211   Thumb Code     0  init.o(.text)
    _dsqrt                                   0x08007235   Thumb Code   162  dsqrt.o(.text)
    __0printf$8                              0x080072d9   Thumb Code    22  printf8.o(i.__0printf$8)
    __1printf$8                              0x080072d9   Thumb Code     0  printf8.o(i.__0printf$8)
    __2printf                                0x080072d9   Thumb Code     0  printf8.o(i.__0printf$8)
    __ARM_fpclassify                         0x080072f9   Thumb Code    40  fpclassify.o(i.__ARM_fpclassify)
    __kernel_poly                            0x08007321   Thumb Code   170  poly.o(i.__kernel_poly)
    __mathlib_dbl_infnan                     0x080073cb   Thumb Code     6  dunder.o(i.__mathlib_dbl_infnan)
    __mathlib_dbl_infnan2                    0x080073d1   Thumb Code     4  dunder.o(i.__mathlib_dbl_infnan2)
    __mathlib_dbl_invalid                    0x080073d5   Thumb Code    12  dunder.o(i.__mathlib_dbl_invalid)
    __mathlib_dbl_underflow                  0x080073e1   Thumb Code    10  dunder.o(i.__mathlib_dbl_underflow)
    __scatterload_copy                       0x080073f1   Thumb Code    14  handlers.o(i.__scatterload_copy)
    __scatterload_null                       0x080073ff   Thumb Code     2  handlers.o(i.__scatterload_null)
    __scatterload_zeroinit                   0x08007401   Thumb Code    14  handlers.o(i.__scatterload_zeroinit)
    __set_errno                              0x08007411   Thumb Code     6  errno.o(i.__set_errno)
    asin                                     0x08007875   Thumb Code   572  asin.o(i.asin)
    atan                                     0x08007ae5   Thumb Code   474  atan.o(i.atan)
    atan2                                    0x08007d05   Thumb Code   374  atan2.o(i.atan2)
    sqrt                                     0x08007ea1   Thumb Code    76  sqrt.o(i.sqrt)
    F6x8                                     0x08007eec   Data         552  oled.o(.constdata)
    F8X16                                    0x08008114   Data        1520  oled.o(.constdata)
    reg                                      0x08008704   Data          27  inv_mpu.o(.constdata)
    hw                                       0x08008720   Data          12  inv_mpu.o(.constdata)
    test                                     0x0800872c   Data          40  inv_mpu.o(.constdata)
    __mathlib_zero                           0x08009438   Data           8  qnan.o(.constdata)
    Region$$Table$$Base                      0x08009490   Number         0  anon$$obj.o(Region$$Table)
    Region$$Table$$Limit                     0x080094b0   Number         0  anon$$obj.o(Region$$Table)
    Moto1                                    0x20000000   Data           4  main.o(.data)
    Moto2                                    0x20000004   Data           4  main.o(.data)
    pitch                                    0x20000008   Data           4  main.o(.data)
    roll                                     0x2000000c   Data           4  main.o(.data)
    yaw                                      0x20000010   Data           4  main.o(.data)
    accx                                     0x20000014   Data           2  main.o(.data)
    accy                                     0x20000016   Data           2  main.o(.data)
    accz                                     0x20000018   Data           2  main.o(.data)
    gyrox                                    0x2000001a   Data           2  main.o(.data)
    gyroy                                    0x2000001c   Data           2  main.o(.data)
    gyroz                                    0x2000001e   Data           2  main.o(.data)
    Encoder_Right                            0x20000020   Data           2  main.o(.data)
    Encoder_Left                             0x20000022   Data           2  main.o(.data)
    data                                     0x20000024   Data           4  main.o(.data)
    rec_dat                                  0x20000028   Data           1  main.o(.data)
    SystemCoreClock                          0x2000002c   Data           4  system_stm32f10x.o(.data)
    AHBPrescTable                            0x20000030   Data          16  system_stm32f10x.o(.data)
    Balance_Pwm                              0x20000040   Data           4  timer.o(.data)
    Velocity_Pwm                             0x20000044   Data           4  timer.o(.data)
    Turn_Pwm                                 0x20000048   Data           4  timer.o(.data)
    Movement                                 0x2000004c   Data           4  timer.o(.data)
    Turn_Speed                               0x20000050   Data           4  timer.o(.data)
    Med_Angle                                0x20000054   Data           4  control.o(.data)
    Vertical_Kp                              0x20000058   Data           4  control.o(.data)
    Vertical_Kd                              0x2000005c   Data           4  control.o(.data)
    Velocity_Kp                              0x20000060   Data           4  control.o(.data)
    Velocity_Ki                              0x20000064   Data           4  control.o(.data)
    Tur_Kp                                   0x20000068   Data           4  control.o(.data)
    Tur_Kd                                   0x2000006c   Data           4  control.o(.data)
    __stdout                                 0x200000d4   Data           4  stdout.o(.data)
    __initial_sp                             0x200004f0   Data           0  startup_stm32f10x_hd.o(STACK)



==============================================================================

Memory Map of the image

  Image Entry point : 0x08000131

  Load Region LR_IROM1 (Base: 0x08000000, Size: 0x0000958c, Max: 0x00040000, ABSOLUTE)

    Execution Region ER_IROM1 (Exec base: 0x08000000, Load base: 0x08000000, Size: 0x000094b0, Max: 0x00040000, ABSOLUTE)

    Exec Addr    Load Addr    Size         Type   Attr      Idx    E Section Name        Object

    0x08000000   0x08000000   0x00000130   Data   RO          381    RESET               startup_stm32f10x_hd.o
    0x08000130   0x08000130   0x00000000   Code   RO          557  * .ARM.Collect$$$$00000000  mc_w.l(entry.o)
    0x08000130   0x08000130   0x00000004   Code   RO          902    .ARM.Collect$$$$00000001  mc_w.l(entry2.o)
    0x08000134   0x08000134   0x00000004   Code   RO          905    .ARM.Collect$$$$00000004  mc_w.l(entry5.o)
    0x08000138   0x08000138   0x00000000   Code   RO          907    .ARM.Collect$$$$00000008  mc_w.l(entry7b.o)
    0x08000138   0x08000138   0x00000000   Code   RO          909    .ARM.Collect$$$$0000000A  mc_w.l(entry8b.o)
    0x08000138   0x08000138   0x00000008   Code   RO          910    .ARM.Collect$$$$0000000B  mc_w.l(entry9a.o)
    0x08000140   0x08000140   0x00000004   Code   RO          917    .ARM.Collect$$$$0000000E  mc_w.l(entry12b.o)
    0x08000144   0x08000144   0x00000000   Code   RO          912    .ARM.Collect$$$$0000000F  mc_w.l(entry10a.o)
    0x08000144   0x08000144   0x00000000   Code   RO          914    .ARM.Collect$$$$00000011  mc_w.l(entry11a.o)
    0x08000144   0x08000144   0x00000004   Code   RO          903    .ARM.Collect$$$$00002712  mc_w.l(entry2.o)
    0x08000148   0x08000148   0x00000190   Code   RO            1    .text               main.o
    0x080002d8   0x080002d8   0x0000001a   Code   RO          152    .text               stm32f10x_it.o
    0x080002f2   0x080002f2   0x00000002   PAD
    0x080002f4   0x080002f4   0x000001e0   Code   RO          193    .text               system_stm32f10x.o
    0x080004d4   0x080004d4   0x00000038   Code   RO          211    .text               led.o
    0x0800050c   0x0800050c   0x00000148   Code   RO          227    .text               motor.o
    0x08000654   0x08000654   0x00000afc   Code   RO          239    .text               oled.o
    0x08001150   0x08001150   0x000000a8   Code   RO          261    .text               pwm.o
    0x080011f8   0x080011f8   0x00000168   Code   RO          273    .text               timer.o
    0x08001360   0x08001360   0x00000180   Code   RO          293    .text               control.o
    0x080014e0   0x080014e0   0x00000170   Code   RO          312    .text               encoder.o
    0x08001650   0x08001650   0x000000d4   Code   RO          324    .text               delay.o
    0x08001724   0x08001724   0x000001f0   Code   RO          355    .text               usart.o
    0x08001914   0x08001914   0x00000024   Code   RO          382    .text               startup_stm32f10x_hd.o
    0x08001938   0x08001938   0x0000035c   Code   RO          386    .text               stm32f10x_gpio.o
    0x08001c94   0x08001c94   0x000003a4   Code   RO          398    .text               stm32f10x_rcc.o
    0x08002038   0x08002038   0x00000408   Code   RO          412    .text               stm32f10x_usart.o
    0x08002440   0x08002440   0x000000dc   Code   RO          424    .text               misc.o
    0x0800251c   0x0800251c   0x00000e1a   Code   RO          448    .text               stm32f10x_tim.o
    0x08003336   0x08003336   0x00000002   PAD
    0x08003338   0x08003338   0x00000368   Code   RO          460    .text               mpu6050.o
    0x080036a0   0x080036a0   0x00000244   Code   RO          472    .text               mpuiic.o
    0x080038e4   0x080038e4   0x00002288   Code   RO          484    .text               inv_mpu.o
    0x08005b6c   0x08005b6c   0x00000d70   Code   RO          514    .text               inv_mpu_dmp_motion_driver.o
    0x080068dc   0x080068dc   0x00000062   Code   RO          560    .text               mc_w.l(ldiv.o)
    0x0800693e   0x0800693e   0x00000024   Code   RO          562    .text               mc_w.l(memseta.o)
    0x08006962   0x08006962   0x0000001a   Code   RO          564    .text               mc_w.l(memcmp.o)
    0x0800697c   0x0800697c   0x000000b0   Code   RO          827    .text               mf_w.l(fadd.o)
    0x08006a2c   0x08006a2c   0x00000064   Code   RO          829    .text               mf_w.l(fmul.o)
    0x08006a90   0x08006a90   0x0000007c   Code   RO          831    .text               mf_w.l(fdiv.o)
    0x08006b0c   0x08006b0c   0x0000014e   Code   RO          833    .text               mf_w.l(dadd.o)
    0x08006c5a   0x08006c5a   0x000000e4   Code   RO          835    .text               mf_w.l(dmul.o)
    0x08006d3e   0x08006d3e   0x000000de   Code   RO          837    .text               mf_w.l(ddiv.o)
    0x08006e1c   0x08006e1c   0x00000012   Code   RO          839    .text               mf_w.l(fflti.o)
    0x08006e2e   0x08006e2e   0x0000000a   Code   RO          841    .text               mf_w.l(ffltui.o)
    0x08006e38   0x08006e38   0x00000022   Code   RO          843    .text               mf_w.l(dflti.o)
    0x08006e5a   0x08006e5a   0x0000001a   Code   RO          845    .text               mf_w.l(dfltui.o)
    0x08006e74   0x08006e74   0x00000032   Code   RO          847    .text               mf_w.l(ffixi.o)
    0x08006ea6   0x08006ea6   0x00000028   Code   RO          849    .text               mf_w.l(ffixui.o)
    0x08006ece   0x08006ece   0x0000003e   Code   RO          851    .text               mf_w.l(dfixi.o)
    0x08006f0c   0x08006f0c   0x00000032   Code   RO          853    .text               mf_w.l(dfixui.o)
    0x08006f3e   0x08006f3e   0x00000026   Code   RO          855    .text               mf_w.l(f2d.o)
    0x08006f64   0x08006f64   0x00000030   Code   RO          857    .text               mf_w.l(cdcmple.o)
    0x08006f94   0x08006f94   0x00000038   Code   RO          859    .text               mf_w.l(d2f.o)
    0x08006fcc   0x08006fcc   0x00000014   Code   RO          861    .text               mf_w.l(cfcmple.o)
    0x08006fe0   0x08006fe0   0x00000014   Code   RO          863    .text               mf_w.l(cfrcmple.o)
    0x08006ff4   0x08006ff4   0x00000062   Code   RO          921    .text               mc_w.l(uldiv.o)
    0x08007056   0x08007056   0x0000001e   Code   RO          923    .text               mc_w.l(llshl.o)
    0x08007074   0x08007074   0x00000020   Code   RO          925    .text               mc_w.l(llushr.o)
    0x08007094   0x08007094   0x00000024   Code   RO          927    .text               mc_w.l(llsshr.o)
    0x080070b8   0x080070b8   0x00000000   Code   RO          936    .text               mc_w.l(iusefp.o)
    0x080070b8   0x080070b8   0x0000006e   Code   RO          937    .text               mf_w.l(fepilogue.o)
    0x08007126   0x08007126   0x000000ba   Code   RO          939    .text               mf_w.l(depilogue.o)
    0x080071e0   0x080071e0   0x0000002e   Code   RO          941    .text               mf_w.l(dscalb.o)
    0x0800720e   0x0800720e   0x00000002   PAD
    0x08007210   0x08007210   0x00000024   Code   RO          947    .text               mc_w.l(init.o)
    0x08007234   0x08007234   0x000000a2   Code   RO          949    .text               mf_w.l(dsqrt.o)
    0x080072d6   0x080072d6   0x00000002   PAD
    0x080072d8   0x080072d8   0x00000020   Code   RO          773    i.__0printf$8       mc_w.l(printf8.o)
    0x080072f8   0x080072f8   0x00000028   Code   RO          889    i.__ARM_fpclassify  m_ws.l(fpclassify.o)
    0x08007320   0x08007320   0x000000aa   Code   RO          891    i.__kernel_poly     m_ws.l(poly.o)
    0x080073ca   0x080073ca   0x00000006   Code   RO          876    i.__mathlib_dbl_infnan  m_ws.l(dunder.o)
    0x080073d0   0x080073d0   0x00000004   Code   RO          877    i.__mathlib_dbl_infnan2  m_ws.l(dunder.o)
    0x080073d4   0x080073d4   0x0000000c   Code   RO          878    i.__mathlib_dbl_invalid  m_ws.l(dunder.o)
    0x080073e0   0x080073e0   0x00000010   Code   RO          881    i.__mathlib_dbl_underflow  m_ws.l(dunder.o)
    0x080073f0   0x080073f0   0x0000000e   Code   RO          953    i.__scatterload_copy  mc_w.l(handlers.o)
    0x080073fe   0x080073fe   0x00000002   Code   RO          954    i.__scatterload_null  mc_w.l(handlers.o)
    0x08007400   0x08007400   0x0000000e   Code   RO          955    i.__scatterload_zeroinit  mc_w.l(handlers.o)
    0x0800740e   0x0800740e   0x00000002   PAD
    0x08007410   0x08007410   0x0000000c   Code   RO          931    i.__set_errno       mc_w.l(errno.o)
    0x0800741c   0x0800741c   0x00000404   Code   RO          780    i._printf_core      mc_w.l(printf8.o)
    0x08007820   0x08007820   0x00000024   Code   RO          781    i._printf_post_padding  mc_w.l(printf8.o)
    0x08007844   0x08007844   0x0000002e   Code   RO          782    i._printf_pre_padding  mc_w.l(printf8.o)
    0x08007872   0x08007872   0x00000002   PAD
    0x08007874   0x08007874   0x00000270   Code   RO          540    i.asin              m_ws.l(asin.o)
    0x08007ae4   0x08007ae4   0x00000220   Code   RO          866    i.atan              m_ws.l(atan.o)
    0x08007d04   0x08007d04   0x0000019c   Code   RO          550    i.atan2             m_ws.l(atan2.o)
    0x08007ea0   0x08007ea0   0x0000004c   Code   RO          895    i.sqrt              m_ws.l(sqrt.o)
    0x08007eec   0x08007eec   0x00000818   Data   RO          240    .constdata          oled.o
    0x08008704   0x08008704   0x00000050   Data   RO          485    .constdata          inv_mpu.o
    0x08008754   0x08008754   0x00000bf6   Data   RO          516    .constdata          inv_mpu_dmp_motion_driver.o
    0x0800934a   0x0800934a   0x00000006   PAD
    0x08009350   0x08009350   0x00000050   Data   RO          541    .constdata          m_ws.l(asin.o)
    0x080093a0   0x080093a0   0x00000098   Data   RO          867    .constdata          m_ws.l(atan.o)
    0x08009438   0x08009438   0x00000008   Data   RO          893    .constdata          m_ws.l(qnan.o)
    0x08009440   0x08009440   0x0000004d   Data   RO          486    .conststring        inv_mpu.o
    0x0800948d   0x0800948d   0x00000003   PAD
    0x08009490   0x08009490   0x00000020   Data   RO          951    Region$$Table       anon$$obj.o


    Execution Region RW_IRAM1 (Exec base: 0x20000000, Load base: 0x080094b0, Size: 0x000004f0, Max: 0x0000c000, ABSOLUTE)

    Exec Addr    Load Addr    Size         Type   Attr      Idx    E Section Name        Object

    0x20000000   0x080094b0   0x00000029   Data   RW            2    .data               main.o
    0x20000029   0x080094d9   0x00000003   PAD
    0x2000002c   0x080094dc   0x00000014   Data   RW          194    .data               system_stm32f10x.o
    0x20000040   0x080094f0   0x00000014   Data   RW          274    .data               timer.o
    0x20000054   0x08009504   0x0000002c   Data   RW          294    .data               control.o
    0x20000080   0x08009530   0x00000004   Data   RW          325    .data               delay.o
    0x20000084   0x08009534   0x00000004   Data   RW          356    .data               usart.o
    0x20000088   0x08009538   0x00000014   Data   RW          399    .data               stm32f10x_rcc.o
    0x2000009c   0x0800954c   0x00000035   Data   RW          487    .data               inv_mpu.o
    0x200000d1   0x08009581   0x00000003   PAD
    0x200000d4   0x08009584   0x00000004   Data   RW          918    .data               mc_w.l(stdout.o)
    0x200000d8   0x08009588   0x00000004   Data   RW          932    .data               mc_w.l(errno.o)
    0x200000dc        -       0x00000010   Zero   RW          515    .bss                inv_mpu_dmp_motion_driver.o
    0x200000ec   0x0800958c   0x00000004   PAD
    0x200000f0        -       0x00000400   Zero   RW          379    STACK               startup_stm32f10x_hd.o


==============================================================================

Image component sizes


      Code (inc. data)   RO Data    RW Data    ZI Data      Debug   Object Name

       384         66          0         44          0       1796   control.o
       212         18          0          4          0       1003   delay.o
       368         10          0          0          0       1223   encoder.o
      8840        200        157         53          0      23941   inv_mpu.o
      3440        126       3062          0         16      15379   inv_mpu_dmp_motion_driver.o
        56          6          0          0          0        463   led.o
       400         46          0         41          0     255701   main.o
       220         22          0          0          0       1761   misc.o
       328         38          0          0          0       1303   motor.o
       872         18          0          0          0       4343   mpu6050.o
       580         14          0          0          0       2042   mpuiic.o
      2812         32       2072          0          0       9136   oled.o
       168          8          0          0          0        728   pwm.o
        36          8        304          0       1024        776   startup_stm32f10x_hd.o
       860         38          0          0          0       5693   stm32f10x_gpio.o
        26          0          0          0          0       1162   stm32f10x_it.o
       932         36          0         20          0       8852   stm32f10x_rcc.o
      3610         88          0          0          0      22800   stm32f10x_tim.o
      1032         22          0          0          0       8420   stm32f10x_usart.o
         0          0          0          0          0         32   sys.o
       480         38          0         20          0       1683   system_stm32f10x.o
       360         64          0         20          0       1180   timer.o
       496         26          0          4          0       2188   usart.o

    ----------------------------------------------------------------------
     26516        924       5636        212       1044     371605   Object Totals
         0          0         32          0          0          0   (incl. Generated)
         4          0          9          6          4          0   (incl. Padding)

    ----------------------------------------------------------------------

      Code (inc. data)   RO Data    RW Data    ZI Data      Debug   Library Member Name

       624         52         80          0          0        168   asin.o
       544         70        152          0          0        124   atan.o
       412         38          0          0          0        144   atan2.o
        38          6          0          0          0        272   dunder.o
        40          0          0          0          0         68   fpclassify.o
       170          0          0          0          0         96   poly.o
         0          0          8          0          0          0   qnan.o
        76          0          0          0          0         84   sqrt.o
         0          0          0          0          0          0   entry.o
         0          0          0          0          0          0   entry10a.o
         0          0          0          0          0          0   entry11a.o
         4          0          0          0          0          0   entry12b.o
         8          4          0          0          0          0   entry2.o
         4          0          0          0          0          0   entry5.o
         0          0          0          0          0          0   entry7b.o
         0          0          0          0          0          0   entry8b.o
         8          4          0          0          0          0   entry9a.o
        12          6          0          4          0         68   errno.o
        30          0          0          0          0          0   handlers.o
        36          8          0          0          0         68   init.o
         0          0          0          0          0          0   iusefp.o
        98          0          0          0          0         84   ldiv.o
        30          0          0          0          0         68   llshl.o
        36          0          0          0          0         68   llsshr.o
        32          0          0          0          0         68   llushr.o
        26          0          0          0          0         80   memcmp.o
        36          0          0          0          0        108   memseta.o
      1142         54          0          0          0        352   printf8.o
         0          0          0          4          0          0   stdout.o
        98          0          0          0          0         92   uldiv.o
        48          0          0          0          0         68   cdcmple.o
        20          0          0          0          0         68   cfcmple.o
        20          0          0          0          0         68   cfrcmple.o
        56          0          0          0          0         88   d2f.o
       334          0          0          0          0        148   dadd.o
       222          0          0          0          0        100   ddiv.o
       186          0          0          0          0        176   depilogue.o
        62          0          0          0          0         80   dfixi.o
        50          0          0          0          0         76   dfixui.o
        34          0          0          0          0         76   dflti.o
        26          0          0          0          0         76   dfltui.o
       228          0          0          0          0         96   dmul.o
        46          0          0          0          0         80   dscalb.o
       162          0          0          0          0        100   dsqrt.o
        38          0          0          0          0         68   f2d.o
       176          0          0          0          0        140   fadd.o
       124          0          0          0          0         88   fdiv.o
       110          0          0          0          0        168   fepilogue.o
        50          0          0          0          0         68   ffixi.o
        40          0          0          0          0         68   ffixui.o
        18          0          0          0          0         68   fflti.o
        10          0          0          0          0         68   ffltui.o
       100          0          0          0          0         76   fmul.o

    ----------------------------------------------------------------------
      5672        242        240          8          0       4124   Library Totals
         8          0          0          0          0          0   (incl. Padding)

    ----------------------------------------------------------------------

      Code (inc. data)   RO Data    RW Data    ZI Data      Debug   Library Name

      1904        166        240          0          0        956   m_ws.l
      1600         76          0          8          0       1056   mc_w.l
      2160          0          0          0          0       2112   mf_w.l

    ----------------------------------------------------------------------
      5672        242        240          8          0       4124   Library Totals

    ----------------------------------------------------------------------

==============================================================================


      Code (inc. data)   RO Data    RW Data    ZI Data      Debug   

     32188       1166       5876        220       1044     371877   Grand Totals
     32188       1166       5876        220       1044     371877   ELF Image Totals
     32188       1166       5876        220          0          0   ROM Totals

==============================================================================

    Total RO  Size (Code + RO Data)                38064 (  37.17kB)
    Total RW  Size (RW Data + ZI Data)              1264 (   1.23kB)
    Total ROM Size (Code + RO Data + RW Data)      38284 (  37.39kB)

==============================================================================

